api/ai-proxy.ts(580,45): error TS2345: Argument of type 'VercelRequest' is not assignable to parameter of type '{ headers: Record<string, string>; }'.
  Types of property 'headers' are incompatible.
    Type 'IncomingHttpHeaders' is not assignable to type 'Record<string, string>'.
      'string' index signatures are incompatible.
        Type 'string | string[] | undefined' is not assignable to type 'string'.
          Type 'undefined' is not assignable to type 'string'.
api/auth.ts(6,20): error TS2339: Property 'path' does not exist on type 'VercelRequest'.
api/auth.ts(90,47): error TS2345: Argument of type 'VercelRequest' is not assignable to parameter of type '{ headers: Record<string, string>; }'.
  Types of property 'headers' are incompatible.
    Type 'IncomingHttpHeaders' is not assignable to type 'Record<string, string>'.
      'string' index signatures are incompatible.
        Type 'string | string[] | undefined' is not assignable to type 'string'.
          Type 'undefined' is not assignable to type 'string'.
api/auth.ts(97,47): error TS2345: Argument of type 'VercelRequest' is not assignable to parameter of type '{ headers: Record<string, string>; }'.
  Types of property 'headers' are incompatible.
    Type 'IncomingHttpHeaders' is not assignable to type 'Record<string, string>'.
      'string' index signatures are incompatible.
        Type 'string | string[] | undefined' is not assignable to type 'string'.
          Type 'undefined' is not assignable to type 'string'.
api/data.ts(55,45): error TS2345: Argument of type 'VercelRequest' is not assignable to parameter of type '{ headers: Record<string, string>; }'.
  Types of property 'headers' are incompatible.
    Type 'IncomingHttpHeaders' is not assignable to type 'Record<string, string>'.
      'string' index signatures are incompatible.
        Type 'string | string[] | undefined' is not assignable to type 'string'.
          Type 'undefined' is not assignable to type 'string'.
api/data.ts(58,21): error TS2339: Property 'path' does not exist on type 'VercelRequest'.
src/screens/ai/AICopilotScreen.tsx(216,51): error TS2769: No overload matches this call.
  Overload 1 of 2, '(props: ViewProps): View', gave the following error.
    Object literal may only specify known properties, and 'animationDelay' does not exist in type 'ViewStyle | RecursiveArray<ViewStyle | Falsy> | readonly (ViewStyle | Falsy)[]'.
  Overload 2 of 2, '(props: ViewProps, context: any): View', gave the following error.
    Object literal may only specify known properties, and 'animationDelay' does not exist in type 'ViewStyle | RecursiveArray<ViewStyle | Falsy> | readonly (ViewStyle | Falsy)[]'.
src/screens/ai/AICopilotScreen.tsx(217,51): error TS2769: No overload matches this call.
  Overload 1 of 2, '(props: ViewProps): View', gave the following error.
    Object literal may only specify known properties, and 'animationDelay' does not exist in type 'ViewStyle | RecursiveArray<ViewStyle | Falsy> | readonly (ViewStyle | Falsy)[]'.
  Overload 2 of 2, '(props: ViewProps, context: any): View', gave the following error.
    Object literal may only specify known properties, and 'animationDelay' does not exist in type 'ViewStyle | RecursiveArray<ViewStyle | Falsy> | readonly (ViewStyle | Falsy)[]'.
src/screens/ai/AICopilotScreen.tsx(218,51): error TS2769: No overload matches this call.
  Overload 1 of 2, '(props: ViewProps): View', gave the following error.
    Object literal may only specify known properties, and 'animationDelay' does not exist in type 'ViewStyle | RecursiveArray<ViewStyle | Falsy> | readonly (ViewStyle | Falsy)[]'.
  Overload 2 of 2, '(props: ViewProps, context: any): View', gave the following error.
    Object literal may only specify known properties, and 'animationDelay' does not exist in type 'ViewStyle | RecursiveArray<ViewStyle | Falsy> | readonly (ViewStyle | Falsy)[]'.
src/screens/calendar/CalendarScreen.tsx(326,46): error TS2345: Argument of type '(f: { title: string; date: string; startTime: string; endTime: string; color: "#088395"; isRecurring: boolean; recurrenceRule: string; }) => { color: string; title: string; date: string; startTime: string; endTime: string; isRecurring: boolean; recurrenceRule: string; }' is not assignable to parameter of type 'SetStateAction<{ title: string; date: string; startTime: string; endTime: string; color: "#088395"; isRecurring: boolean; recurrenceRule: string; }>'.
  Type '(f: { title: string; date: string; startTime: string; endTime: string; color: "#088395"; isRecurring: boolean; recurrenceRule: string; }) => { color: string; title: string; date: string; startTime: string; endTime: string; isRecurring: boolean; recurrenceRule: string; }' is not assignable to type '(prevState: { title: string; date: string; startTime: string; endTime: string; color: "#088395"; isRecurring: boolean; recurrenceRule: string; }) => { title: string; date: string; startTime: string; endTime: string; color: "#088395"; isRecurring: boolean; recurrenceRule: string; }'.
    Call signature return types '{ color: string; title: string; date: string; startTime: string; endTime: string; isRecurring: boolean; recurrenceRule: string; }' and '{ title: string; date: string; startTime: string; endTime: string; color: "#088395"; isRecurring: boolean; recurrenceRule: string; }' are incompatible.
      The types of 'color' are incompatible between these types.
        Type 'string' is not assignable to type '"#088395"'.
src/screens/finance/FinanceScreen.tsx(65,7): error TS2353: Object literal may only specify known properties, and 'user_id' does not exist in type 'Partial<Transaction>'.
src/screens/finance/FinanceScreen.tsx(87,7): error TS2353: Object literal may only specify known properties, and 'user_id' does not exist in type 'Partial<Budget>'.
src/screens/habits/HabitsScreen.tsx(64,7): error TS2353: Object literal may only specify known properties, and 'user_id' does not exist in type 'Partial<Habit>'.
src/screens/habits/HabitsScreen.tsx(365,46): error TS2345: Argument of type '(f: { name: string; description: string; target_value: string; unit: string; frequency: "daily" | "weekly"; icon: string; color: "#088395"; }) => { color: string; name: string; description: string; target_value: string; unit: string; frequency: "daily" | "weekly"; icon: string; }' is not assignable to parameter of type 'SetStateAction<{ name: string; description: string; target_value: string; unit: string; frequency: "daily" | "weekly"; icon: string; color: "#088395"; }>'.
  Type '(f: { name: string; description: string; target_value: string; unit: string; frequency: "daily" | "weekly"; icon: string; color: "#088395"; }) => { color: string; name: string; description: string; target_value: string; unit: string; frequency: "daily" | "weekly"; icon: string; }' is not assignable to type '(prevState: { name: string; description: string; target_value: string; unit: string; frequency: "daily" | "weekly"; icon: string; color: "#088395"; }) => { name: string; description: string; target_value: string; unit: string; frequency: "daily" | "weekly"; icon: string; color: "#088395"; }'.
    Call signature return types '{ color: string; name: string; description: string; target_value: string; unit: string; frequency: "daily" | "weekly"; icon: string; }' and '{ name: string; description: string; target_value: string; unit: string; frequency: "daily" | "weekly"; icon: string; color: "#088395"; }' are incompatible.
      The types of 'color' are incompatible between these types.
        Type 'string' is not assignable to type '"#088395"'.
src/screens/notes/NotesScreen.tsx(71,7): error TS2353: Object literal may only specify known properties, and 'user_id' does not exist in type 'Partial<Note>'.
src/screens/notes/NotesScreen.tsx(174,25): error TS2322: Type '({} | { borderLeftColor: string; borderLeftWidth: number; })[]' is not assignable to type 'ViewStyle'.
  Types of property 'filter' are incompatible.
    Type '{ <S extends {} | { borderLeftColor: string; borderLeftWidth: number; }>(predicate: (value: {} | { borderLeftColor: string; borderLeftWidth: number; }, index: number, array: ({} | { borderLeftColor: string; borderLeftWidth: number; })[]) => value is S, thisArg?: any): S[]; (predicate: (value: {} | { ...; }, index: n...' is not assignable to type 'string | readonly FilterFunction[] | undefined'.
src/screens/workout/WorkoutScreen.tsx(63,7): error TS2353: Object literal may only specify known properties, and 'user_id' does not exist in type 'Partial<WorkoutPlan>'.
src/screens/workout/WorkoutScreen.tsx(345,54): error TS2345: Argument of type '(f: { name: string; split_type: "custom"; day_of_week: number[]; exercises: { name: string; defaultSets: number; defaultReps: number; }[]; }) => { split_type: "push" | "pull" | "legs" | "upper" | "lower" | "full_body" | "custom"; name: string; day_of_week: number[]; exercises: { ...; }[]; }' is not assignable to parameter of type 'SetStateAction<{ name: string; split_type: "custom"; day_of_week: number[]; exercises: { name: string; defaultSets: number; defaultReps: number; }[]; }>'.
  Type '(f: { name: string; split_type: "custom"; day_of_week: number[]; exercises: { name: string; defaultSets: number; defaultReps: number; }[]; }) => { split_type: "push" | "pull" | "legs" | "upper" | "lower" | "full_body" | "custom"; name: string; day_of_week: number[]; exercises: { ...; }[]; }' is not assignable to type '(prevState: { name: string; split_type: "custom"; day_of_week: number[]; exercises: { name: string; defaultSets: number; defaultReps: number; }[]; }) => { name: string; split_type: "custom"; day_of_week: number[]; exercises: { ...; }[]; }'.
    Call signature return types '{ split_type: "push" | "pull" | "legs" | "upper" | "lower" | "full_body" | "custom"; name: string; day_of_week: number[]; exercises: { name: string; defaultSets: number; defaultReps: number; }[]; }' and '{ name: string; split_type: "custom"; day_of_week: number[]; exercises: { name: string; defaultSets: number; defaultReps: number; }[]; }' are incompatible.
      The types of 'split_type' are incompatible between these types.
        Type '"push" | "pull" | "legs" | "upper" | "lower" | "full_body" | "custom"' is not assignable to type '"custom"'.
          Type '"push"' is not assignable to type '"custom"'.
